// Vitest Snapshot v1, https://vitest.dev/guide/snapshot.html

exports[`ETBCardList > sollte mit Standard-Props dem Snapshot entsprechen 1`] = `
<div>
  <div
    class="flex flex-col gap-4"
  >
    <div
      class="p-3 border rounded shadow-sm "
    >
      <div
        class="font-semibold flex justify-between mb-1 text-primary-600 dark:text-primary-400"
      >
        <span
          class="flex items-center"
        >
          #
          1
           | 
          Meldung
        </span>
        <span>
          01100023jan23
        </span>
      </div>
      <p
        class="text-sm "
      >
        Dies ist ein Testeintrag
      </p>
      <div
        class="text-xs mt-1 text-gray-500 flex items-center justify-between"
      >
        <span>
          Absender: 
          Max Mustermann
        </span>
        <span>
          Empf채nger: 
          Einsatzleitung
        </span>
      </div>
      <div
        class="mt-2 flex gap-2 justify-end"
      >
        <div
          data-testid="mock-tooltip"
          data-title="Eintrag 체berschreiben"
        >
          <button
            data-testid="ueberschreiben-button"
          >
            Icon
          </button>
        </div>
        <div
          data-testid="mock-tooltip"
          data-title="Eintrag bearbeiten"
        >
          <button
            data-testid="edit-button"
          >
            Icon
          </button>
        </div>
        <div
          data-testid="mock-tooltip"
          data-title="Eintrag streichen"
        >
          <button
            data-testid="archive-button"
          >
            Icon
          </button>
        </div>
      </div>
    </div>
  </div>
</div>
`;

exports[`ETBCardList > sollte mit leeren Daten dem Snapshot entsprechen 1`] = `
<div>
  <div
    data-testid="mock-empty"
  >
    Keine Eintr채ge verf체gbar
  </div>
</div>
`;
