// Vitest Snapshot v1, https://vitest.dev/guide/snapshot.html

exports[`Logo > should match snapshot 1`] = `
<div>
  <img
    alt="BlueLight Hub"
    data-testid="logo"
    src="mocked-light-logo-path"
  />
</div>
`;
