// Vitest Snapshot v1, https://vitest.dev/guide/snapshot.html

exports[`MobileHeader > should match snapshot 1`] = `
<div>
  <div
    class="sticky top-0 z-40 flex items-center gap-x-6 bg-white dark:bg-gray-900 px-4 py-4 shadow-sm dark:shadow-gray-800 sm:px-6 lg:hidden"
  >
    <button
      class="ant-btn css-dev-only-do-not-override-19lec04 ant-btn-text ant-btn-color-default ant-btn-variant-text -m-2.5 p-2.5 text-gray-700 dark:text-gray-300 lg:hidden"
      type="button"
    >
      <span
        class="sr-only"
      >
        Sidebar Ã¶ffnen
      </span>
      <svg
        fill="currentColor"
        height="24"
        stroke="currentColor"
        stroke-width="0"
        viewBox="0 0 256 256"
        width="24"
        xmlns="http://www.w3.org/2000/svg"
      >
        <path
          d="M224,128a8,8,0,0,1-8,8H112a8,8,0,0,1,0-16H216A8,8,0,0,1,224,128ZM112,72H216a8,8,0,0,0,0-16H112a8,8,0,0,0,0,16ZM216,184H40a8,8,0,0,0,0,16H216a8,8,0,0,0,0-16ZM34.34,141.66a8,8,0,0,0,11.32,0l40-40a8,8,0,0,0,0-11.32l-40-40A8,8,0,0,0,34.34,61.66L68.69,96,34.34,130.34A8,8,0,0,0,34.34,141.66Z"
        />
      </svg>
    </button>
    <div
      class="flex-1 text-sm/6 font-semibold text-gray-900 dark:text-gray-100"
    >
      Test Title
    </div>
    <div>
      <div
        data-hide-text="false"
        data-testid="user-profile-mock"
      >
        User Profile Mock 
        (text visible)
      </div>
    </div>
  </div>
</div>
`;
