// Vitest Snapshot v1, https://vitest.dev/guide/snapshot.html

exports[`Sidebar > should match snapshot 1`] = `
<div>
  <div
    data-testid="main-sidebar"
  >
    <div
      data-testid="props-display"
    >
      isOpen: 
      undefined
      , isMobile: 
      undefined
      , navItems: 
      1
    </div>
    <button
      data-testid="close-button"
    >
      Close
    </button>
  </div>
</div>
`;
