// Vitest Snapshot v1, https://vitest.dev/guide/snapshot.html

exports[`DesktopSidebar > should match snapshot 1`] = `
<div>
  <div
    class="hidden lg:fixed lg:inset-y-0 lg:z-50 lg:flex lg:w-72 lg:flex-col"
  >
    <div
      data-testid="sidebar-content"
    >
      <div
        data-testid="nav-items-count"
      >
        1
         items
      </div>
      <div>
        Mock Desktop Content
      </div>
    </div>
  </div>
</div>
`;
