// Vitest Snapshot v1, https://vitest.dev/guide/snapshot.html

exports[`MainSidebar > should match snapshot 1`] = `
<div>
  <div
    data-testid="desktop-sidebar"
  >
    1
     items
  </div>
</div>
`;
