// Vitest Snapshot v1, https://vitest.dev/guide/snapshot.html

exports[`MobileSidebar > should match snapshot 1`] = `
<div>
  <div
    aria-modal="true"
    class="fixed inset-0 z-50 lg:hidden"
    role="dialog"
  >
    <div
      aria-hidden="true"
      class="fixed inset-0 bg-gray-900/80 dark:bg-black/80 cursor-pointer"
    />
    <div
      class="fixed inset-y-0 left-0 flex max-w-xs w-full"
    >
      <div
        class="relative flex-1 flex w-full"
      >
        <div
          data-testid="sidebar-content"
        >
          <button
            data-testid="nav-button"
          >
            Navigate
          </button>
          <div>
            Mock Content
          </div>
        </div>
        <div
          class="absolute right-0 top-0 -mr-16 pt-4"
        >
          <button
            aria-label="Close sidebar"
            class="ant-btn css-dev-only-do-not-override-1v613y0 ant-btn-text ant-btn-color-default ant-btn-variant-text text-white hover:text-gray-200 flex items-center justify-center rounded-md focus:outline-none focus:ring-2 focus:ring-white"
            type="button"
          >
            <span
              class="sr-only"
            >
              Close sidebar
            </span>
            <svg
              fill="currentColor"
              height="24"
              stroke="currentColor"
              stroke-width="0"
              viewBox="0 0 256 256"
              width="24"
              xmlns="http://www.w3.org/2000/svg"
            >
              <path
                d="M224,128a8,8,0,0,1-8,8H112a8,8,0,0,1,0-16H216A8,8,0,0,1,224,128ZM112,72H216a8,8,0,0,0,0-16H112a8,8,0,0,0,0,16ZM216,184H40a8,8,0,0,0,0,16H216a8,8,0,0,0,0-16ZM72,144a8,8,0,0,0,5.66-13.66L43.31,96,77.66,61.66A8,8,0,0,0,66.34,50.34l-40,40a8,8,0,0,0,0,11.32l40,40A8,8,0,0,0,72,144Z"
              />
            </svg>
          </button>
        </div>
      </div>
    </div>
  </div>
</div>
`;
